// Jest Snapshot v1, https://goo.gl/fbAQLP

exports[`<Title /> should match snapshot 1`] = `
.c0 {
  color: #000;
  text-align: center;
  padding-bottom: 1rem;
  font-size: 4.2rem;
}

<h1
  class="c0"
>
  Legacy
</h1>
`;
